
> aiprospera-institucional@0.0.0 build
> tsc -b && vite build

src/App.tsx(1,1): error TS6133: 'React' is declared but its value is never read.
src/App.tsx(30,57): error TS2353: Object literal may only specify known properties, and ''@media (min-width: 768px)'' does not exist in type 'Properties<string | number, string & {}>'.
